Python QualStat
Analysis: RBFE
Input: <ABSOLUTE_PATH_TO_RBFE_DATA>
Energy unit: kJ/mol
Records: 5
Propagation rounds: 1000
Seed: 2026
Uncertainty method: legacy independent Gaussian uncertainty propagation (records are not resampled)

Metric          Estimate  Propagation SD  Valid rounds
------------------------------------------------------
MAD                 0.26    0.1578990554          1000
RMSD         0.293257566    0.1866856543          1000
taurx                  1   0.02822758928          1000
r22         0.9848508938   0.04026452295          1000

RBFE cycle analysis
===================

Cycle #1

L1 -> L2 -> L3 -> L1 = 0.400 +/- 0.707 kJ/mol

Cycle #2

L1 -> L2 -> L4 -> L1 = 0.100 +/- 0.707 kJ/mol

Cycle #3

L1 -> L3 -> L2 -> L4 -> L1 = -0.300 +/- 0.906 kJ/mol
